Distributed SGM test  Mon Jun  8 16:44:23 PDT 2026
Quadro RTX 6000
Quadro RTX 6000
Quadro RTX 6000
Quadro RTX 6000

######## CORRECTNESS: synthetic 960x1280 SGM, verify across ranks ########
--- np=1 ---
  Accuracy (valid pixels only):
    MAE         : 0.0088 px
    Bad-px rate : 0.0000 %  (|err| > 1 px)
    Coverage    : 100.0000 %  (estimated / valid-GT pixels)
--- np=2 ---
  Accuracy (valid pixels only):
    MAE         : 0.0088 px
    Bad-px rate : 0.0000 %  (|err| > 1 px)
    Coverage    : 100.0000 %  (estimated / valid-GT pixels)
--- np=4 ---
  Accuracy (valid pixels only):
    MAE         : 0.0088 px
    Bad-px rate : 0.0000 %  (|err| > 1 px)
    Coverage    : 100.0000 %  (estimated / valid-GT pixels)
######## EXACTNESS: distributed SGM np=4 must equal np=1 (real tsukuba) ########
  PASS: np1 and np4 disparity maps are byte-identical (frontier exchange exact)
######## STRONG SCALING: distributed SGM ########
--- SGM 960x1280 np=1 ---

====================================================
  MPI+CUDA Stereo SGM 4-path (SAD)  (nranks=1)
====================================================
  Image          : 960 x 1280
  Max disp/radius: 64 / 2
  Rows per rank  : ~960
  GPUs visible   : 4
----------------------------------------------------
  Scatter (input): 0.094022 ms
  Halo exchange  : 4e-05 ms
  GPU kernel max : 33.2414 ms
  Kernel wall    : 33.5513 ms  (barrier-to-barrier)
  Gather (disp)  : 0.410995 ms
  Total comm     : 0.505057 ms
  Comm fraction  : 1.483 %
----------------------------------------------------
====================================================

--- SGM 960x1280 np=2 ---

====================================================
  MPI+CUDA Stereo SGM 4-path (SAD)  (nranks=2)
====================================================
  Image          : 960 x 1280
  Max disp/radius: 64 / 2
  Rows per rank  : ~480
  GPUs visible   : 4
----------------------------------------------------
  Scatter (input): 0.752837 ms
  Halo exchange  : 0.019228 ms
  GPU kernel max : 23.3748 ms
  Kernel wall    : 23.4751 ms  (barrier-to-barrier)
  Gather (disp)  : 0.715836 ms
  Total comm     : 1.4879 ms
  Comm fraction  : 5.96043 %
----------------------------------------------------
====================================================

--- SGM 960x1280 np=4 ---

====================================================
  MPI+CUDA Stereo SGM 4-path (SAD)  (nranks=4)
====================================================
  Image          : 960 x 1280
  Max disp/radius: 64 / 2
  Rows per rank  : ~240
  GPUs visible   : 4
----------------------------------------------------
  Scatter (input): 1.56131 ms
  Halo exchange  : 0.043093 ms
  GPU kernel max : 19.4998 ms
  Kernel wall    : 19.6187 ms  (barrier-to-barrier)
  Gather (disp)  : 0.886035 ms
  Total comm     : 2.49044 ms
  Comm fraction  : 11.2643 %
----------------------------------------------------
====================================================

--- SGM 1920x2560 np=1 ---

====================================================
  MPI+CUDA Stereo SGM 4-path (SAD)  (nranks=1)
====================================================
  Image          : 1920 x 2560
  Max disp/radius: 64 / 2
  Rows per rank  : ~1920
  GPUs visible   : 4
----------------------------------------------------
  Scatter (input): 1.16023 ms
  Halo exchange  : 0.000131 ms
  GPU kernel max : 113.281 ms
  Kernel wall    : 113.933 ms  (barrier-to-barrier)
  Gather (disp)  : 3.29484 ms
  Total comm     : 4.45519 ms
  Comm fraction  : 3.76322 %
----------------------------------------------------
====================================================

--- SGM 1920x2560 np=2 ---

====================================================
  MPI+CUDA Stereo SGM 4-path (SAD)  (nranks=2)
====================================================
  Image          : 1920 x 2560
  Max disp/radius: 64 / 2
  Rows per rank  : ~960
  GPUs visible   : 4
----------------------------------------------------
  Scatter (input): 1.87769 ms
  Halo exchange  : 0.022042 ms
  GPU kernel max : 71.9158 ms
  Kernel wall    : 72.5409 ms  (barrier-to-barrier)
  Gather (disp)  : 3.62924 ms
  Total comm     : 5.52898 ms
  Comm fraction  : 7.08208 %
----------------------------------------------------
====================================================

--- SGM 1920x2560 np=4 ---

====================================================
  MPI+CUDA Stereo SGM 4-path (SAD)  (nranks=4)
====================================================
  Image          : 1920 x 2560
  Max disp/radius: 64 / 2
  Rows per rank  : ~480
  GPUs visible   : 4
----------------------------------------------------
  Scatter (input): 2.99536 ms
  Halo exchange  : 0.050596 ms
  GPU kernel max : 51.9434 ms
  Kernel wall    : 52.5478 ms  (barrier-to-barrier)
  Gather (disp)  : 3.92433 ms
  Total comm     : 6.97029 ms
  Comm fraction  : 11.7112 %
----------------------------------------------------
====================================================

=== SGM scaling CSV ===
nranks,height,width,max_disp,radius,kernel_ms,scatter_ms,halo_ms,gather_ms,comm_ms,wall_ms
1,960,1280,64,2,33.2414,0.094022,4e-05,0.410995,0.505057,33.5513
2,960,1280,64,2,23.3748,0.752837,0.019228,0.715836,1.4879,23.4751
4,960,1280,64,2,19.4998,1.56131,0.043093,0.886035,2.49044,19.6187
1,1920,2560,64,2,113.281,1.16023,0.000131,3.29484,4.45519,113.933
2,1920,2560,64,2,71.9158,1.87769,0.022042,3.62924,5.52898,72.5409
4,1920,2560,64,2,51.9434,2.99536,0.050596,3.92433,6.97029,52.5478
Done Mon Jun  8 16:44:33 PDT 2026
