=== Middlebury 2001 stereo data download ===
Target: data/middlebury/

  already have data/middlebury/tsukuba/imL.ppm
  already have data/middlebury/tsukuba/imR.ppm
  already have data/middlebury/tsukuba/gt_disp.pgm
Loading data/middlebury/tsukuba/imL.ppm ...
Loading data/middlebury/tsukuba/imR.ppm ...
  Wrote data/middlebury/tsukuba/left.pgm  (384x288)
  Wrote data/middlebury/tsukuba/right.pgm  (384x288)
  tsukuba ready: data/middlebury/tsukuba/left.pgm  data/middlebury/tsukuba/right.pgm

  already have data/middlebury/sawtooth/imL.ppm
  already have data/middlebury/sawtooth/imR.ppm
  already have data/middlebury/sawtooth/gt_disp.pgm
Loading data/middlebury/sawtooth/imL.ppm ...
Loading data/middlebury/sawtooth/imR.ppm ...
  Wrote data/middlebury/sawtooth/left.pgm  (434x380)
  Wrote data/middlebury/sawtooth/right.pgm  (434x380)
  sawtooth ready: data/middlebury/sawtooth/left.pgm  data/middlebury/sawtooth/right.pgm

  already have data/middlebury/venus/imL.ppm
  already have data/middlebury/venus/imR.ppm
  already have data/middlebury/venus/gt_disp.pgm
Loading data/middlebury/venus/imL.ppm ...
Loading data/middlebury/venus/imR.ppm ...
  Wrote data/middlebury/venus/left.pgm  (434x383)
  Wrote data/middlebury/venus/right.pgm  (434x383)
  venus ready: data/middlebury/venus/left.pgm  data/middlebury/venus/right.pgm

  downloading https://vision.middlebury.edu/stereo/data/scenes2014/datasets/Motorcycle-perfect/im0.png

     0K .......... .......... .......... .......... ..........  0%  355K 19s
    50K .......... .......... .......... .......... ..........  1%  737K 14s
   100K .......... .......... .......... .......... ..........  2% 8.61M 10s
   150K .......... .......... .......... .......... ..........  2% 16.8M 7s
   200K .......... .......... .......... .......... ..........  3%  780K 8s
   250K .......... .......... .......... .......... ..........  4% 5.79M 6s
   300K .......... .......... .......... .......... ..........  5% 15.2M 6s
   350K .......... .......... .......... .......... ..........  5%  153M 5s
   400K .......... .......... .......... .......... ..........  6%  828K 5s
   450K .......... .......... .......... .......... ..........  7% 58.9M 5s
   500K .......... .......... .......... .......... ..........  7%  122M 4s
   550K .......... .......... .......... .......... ..........  8%  116M 4s
   600K .......... .......... .......... .......... ..........  9% 63.4M 3s
   650K .......... .......... .......... .......... .......... 10%  107M 3s
   700K .......... .......... .......... .......... .......... 10% 71.2M 3s
   750K .......... .......... .......... .......... .......... 11%  136M 3s
   800K .......... .......... .......... .......... .......... 12%  107M 3s
   850K .......... .......... .......... .......... .......... 12%  752K 3s
   900K .......... .......... .......... .......... .......... 13%  116M 3s
   950K .......... .......... .......... .......... .......... 14%  105M 3s
  1000K .......... .......... .......... .......... .......... 15%  120M 2s
  1050K .......... .......... .......... .......... .......... 15%  128M 2s
  1100K .......... .......... .......... .......... .......... 16%  101M 2s
  1150K .......... .......... .......... .......... .......... 17%  465K 3s
  1200K .......... .......... .......... .......... .......... 17% 1.59M 3s
  1250K .......... .......... .......... .......... .......... 18% 64.1M 2s
  1300K .......... .......... .......... .......... .......... 19%  206M 2s
  1350K .......... .......... .......... .......... .......... 20%  198M 2s
  1400K .......... .......... .......... .......... .......... 20%  219M 2s
  1450K .......... .......... .......... .......... .......... 21%  109M 2s
  1500K .......... .......... .......... .......... .......... 22%  224M 2s
  1550K .......... .......... .......... .......... .......... 23% 83.3M 2s
  1600K .......... .......... .......... .......... .......... 23%  160M 2s
  1650K .......... .......... .......... .......... .......... 24% 44.3M 2s
  1700K .......... .......... .......... .......... .......... 25%  183M 2s
  1750K .......... .......... .......... .......... .......... 25%  231M 2s
  1800K .......... .......... .......... .......... .......... 26%  243M 2s
  1850K .......... .......... .......... .......... .......... 27%  211M 2s
  1900K .......... .......... .......... .......... .......... 28%  245M 1s
  1950K .......... .......... .......... .......... .......... 28% 2.28M 1s
  2000K .......... .......... .......... .......... .......... 29%  146M 1s
  2050K .......... .......... .......... .......... .......... 30%  209M 1s
  2100K .......... .......... .......... .......... .......... 30%  190M 1s
  2150K .......... .......... .......... .......... .......... 31%  226M 1s
  2200K .......... .......... .......... .......... .......... 32%  191M 1s
  2250K .......... .......... .......... .......... .......... 33%  233M 1s
  2300K .......... .......... .......... .......... .......... 33%  543K 1s
  2350K .......... .......... .......... .......... .......... 34% 99.2M 1s
  2400K .......... .......... .......... .......... .......... 35%  124M 1s
  2450K .......... .......... .......... .......... .......... 35%  182M 1s
  2500K .......... .......... .......... .......... .......... 36%  241M 1s
  2550K .......... .......... .......... .......... .......... 37%  238M 1s
  2600K .......... .......... .......... .......... .......... 38%  209M 1s
  2650K .......... .......... .......... .......... .......... 38%  239M 1s
  2700K .......... .......... .......... .......... .......... 39%  203M 1s
  2750K .......... .......... .......... .......... .......... 40%  244M 1s
  2800K .......... .......... .......... .......... .......... 41%  243M 1s
  2850K .......... .......... .......... .......... .......... 41%  206M 1s
  2900K .......... .......... .......... .......... .......... 42%  242M 1s
  2950K .......... .......... .......... .......... .......... 43%  210M 1s
  3000K .......... .......... .......... .......... .......... 43%  242M 1s
  3050K .......... .......... .......... .......... .......... 44%  240M 1s
  3100K .......... .......... .......... .......... .......... 45%  211M 1s
  3150K .......... .......... .......... .......... .......... 46%  239M 1s
  3200K .......... .......... .......... .......... .......... 46%  212M 1s
  3250K .......... .......... .......... .......... .......... 47%  239M 1s
  3300K .......... .......... .......... .......... .......... 48%  244M 1s
  3350K .......... .......... .......... .......... .......... 48%  207M 1s
  3400K .......... .......... .......... .......... .......... 49%  236M 1s
  3450K .......... .......... .......... .......... .......... 50%  212M 1s
  3500K .......... .......... .......... .......... .......... 51%  237M 1s
  3550K .......... .......... .......... .......... .......... 51%  235M 1s
  3600K .......... .......... .......... .......... .......... 52%  209M 1s
  3650K .......... .......... .......... .......... .......... 53%  233M 1s
  3700K .......... .......... .......... .......... .......... 53% 4.19M 1s
  3750K .......... .......... .......... .......... .......... 54% 11.6M 1s
  3800K .......... .......... .......... .......... .......... 55% 45.5M 1s
  3850K .......... .......... .......... .......... .......... 56% 20.2M 1s
  3900K .......... .......... .......... .......... .......... 56% 45.1M 1s
  3950K .......... .......... .......... .......... .......... 57% 25.5M 1s
  4000K .......... .......... .......... .......... .......... 58%  129M 1s
  4050K .......... .......... .......... .......... .......... 59% 2.65M 1s
  4100K .......... .......... .......... .......... .......... 59% 44.9M 0s
  4150K .......... .......... .......... .......... .......... 60%  129M 0s
  4200K .......... .......... .......... .......... .......... 61% 92.8M 0s
  4250K .......... .......... .......... .......... .......... 61% 3.60M 0s
  4300K .......... .......... .......... .......... .......... 62% 5.92M 0s
  4350K .......... .......... .......... .......... .......... 63% 80.9M 0s
  4400K .......... .......... .......... .......... .......... 64%  117M 0s
  4450K .......... .......... .......... .......... .......... 64%  101M 0s
  4500K .......... .......... .......... .......... .......... 65%  127M 0s
  4550K .......... .......... .......... .......... .......... 66%  557K 0s
  4600K .......... .......... .......... .......... .......... 66% 10.7M 0s
  4650K .......... .......... .......... .......... .......... 67%  221M 0s
  4700K .......... .......... .......... .......... .......... 68%  203M 0s
  4750K .......... .......... .......... .......... .......... 69%  232M 0s
  4800K .......... .......... .......... .......... .......... 69%  228M 0s
  4850K .......... .......... .......... .......... .......... 70%  202M 0s
  4900K .......... .......... .......... .......... .......... 71%  240M 0s
  4950K .......... .......... .......... .......... .......... 71%  214M 0s
  5000K .......... .......... .......... .......... .......... 72%  234M 0s
  5050K .......... .......... .......... .......... .......... 73%  240M 0s
  5100K .......... .......... .......... .......... .......... 74%  211M 0s
  5150K .......... .......... .......... .......... .......... 74%  244M 0s
  5200K .......... .......... .......... .......... .......... 75%  205M 0s
  5250K .......... .......... .......... .......... .......... 76%  228M 0s
  5300K .......... .......... .......... .......... .......... 77%  244M 0s
  5350K .......... .......... .......... .......... .......... 77%  209M 0s
  5400K .......... .......... .......... .......... .......... 78%  246M 0s
  5450K .......... .......... .......... .......... .......... 79%  210M 0s
  5500K .......... .......... .......... .......... .......... 79%  232M 0s
  5550K .......... .......... .......... .......... .......... 80%  227M 0s
  5600K .......... .......... .......... .......... .......... 81%  194M 0s
  5650K .......... .......... .......... .......... .......... 82%  235M 0s
  5700K .......... .......... .......... .......... .......... 82%  203M 0s
  5750K .......... .......... .......... .......... .......... 83%  239M 0s
  5800K .......... .......... .......... .......... .......... 84%  244M 0s
  5850K .......... .......... .......... .......... .......... 84%  213M 0s
  5900K .......... .......... .......... .......... .......... 85%  240M 0s
  5950K .......... .......... .......... .......... .......... 86%  202M 0s
  6000K .......... .......... .......... .......... .......... 87%  242M 0s
  6050K .......... .......... .......... .......... .......... 87% 3.13M 0s
  6100K .......... .......... .......... .......... .......... 88% 24.9M 0s
  6150K .......... .......... .......... .......... .......... 89% 79.6M 0s
  6200K .......... .......... .......... .......... .......... 89% 2.34M 0s
  6250K .......... .......... .......... .......... .......... 90% 22.5M 0s
  6300K .......... .......... .......... .......... .......... 91% 91.4M 0s
  6350K .......... .......... .......... .......... .......... 92% 5.04M 0s
  6400K .......... .......... .......... .......... .......... 92%  131M 0s
  6450K .......... .......... .......... .......... .......... 93% 54.3M 0s
  6500K .......... .......... .......... .......... .......... 94% 23.7M 0s
  6550K .......... .......... .......... .......... .......... 95% 10.5M 0s
  6600K .......... .......... .......... .......... .......... 95% 4.58M 0s
  6650K .......... .......... .......... .......... .......... 96%  113M 0s
  6700K .......... .......... .......... .......... .......... 97%  103M 0s
  6750K .......... .......... .......... .......... .......... 97%  119M 0s
  6800K .......... .......... .......... .......... .......... 98% 3.37M 0s
  6850K .......... .......... .......... .......... .......... 99% 22.7M 0s
  6900K .......... .......... .......... .......... .....     100% 58.0M=0.9s  downloading https://vision.middlebury.edu/stereo/data/scenes2014/datasets/Motorcycle-perfect/im1.png

     0K .......... .......... .......... .......... ..........  0%  355K 19s
    50K .......... .......... .......... .......... ..........  1%  720K 14s
   100K .......... .......... .......... .......... ..........  2% 11.6M 10s
   150K .......... .......... .......... .......... ..........  2% 15.0M 7s
   200K .......... .......... .......... .......... ..........  3%  756K 8s
   250K .......... .......... .......... .......... ..........  4% 17.2M 6s
   300K .......... .......... .......... .......... ..........  5% 16.0M 5s
   350K .......... .......... .......... .......... ..........  5%  199M 5s
   400K .......... .......... .......... .......... ..........  6%  816K 5s
   450K .......... .......... .......... .......... ..........  7% 15.4M 5s
   500K .......... .......... .......... .......... ..........  7%  128M 4s
   550K .......... .......... .......... .......... ..........  8% 43.2M 4s
   600K .......... .......... .......... .......... ..........  9% 83.0M 3s
   650K .......... .......... .......... .......... .......... 10%  106M 3s
   700K .......... .......... .......... .......... .......... 10% 71.4M 3s
   750K .......... .......... .......... .......... .......... 11%  109M 3s
   800K .......... .......... .......... .......... .......... 12%  134M 3s
   850K .......... .......... .......... .......... .......... 13%  790K 3s
   900K .......... .......... .......... .......... .......... 13% 20.9M 3s
   950K .......... .......... .......... .......... .......... 14% 39.3M 3s
  1000K .......... .......... .......... .......... .......... 15%  106M 2s
  1050K .......... .......... .......... .......... .......... 15% 18.7M 2s
  1100K .......... .......... .......... .......... .......... 16% 72.7M 2s
  1150K .......... .......... .......... .......... .......... 17%  126M 2s
  1200K .......... .......... .......... .......... .......... 18%  108M 2s
  1250K .......... .......... .......... .......... .......... 18%  373K 2s
  1300K .......... .......... .......... .......... .......... 19%  165M 2s
  1350K .......... .......... .......... .......... .......... 20% 32.3M 2s
  1400K .......... .......... .......... .......... .......... 21% 16.3M 2s
  1450K .......... .......... .......... .......... .......... 21%  133M 2s
  1500K .......... .......... .......... .......... .......... 22%  181M 2s
  1550K .......... .......... .......... .......... .......... 23%  223M 2s
  1600K .......... .......... .......... .......... .......... 23%  205M 2s
  1650K .......... .......... .......... .......... .......... 24% 89.6M 2s
  1700K .......... .......... .......... .......... .......... 25%  207M 2s
  1750K .......... .......... .......... .......... .......... 26% 45.9M 2s
  1800K .......... .......... .......... .......... .......... 26%  244M 2s
  1850K .......... .......... .......... .......... .......... 27%  205M 2s
  1900K .......... .......... .......... .......... .......... 28%  245M 1s
  1950K .......... .......... .......... .......... .......... 28%  208M 1s
  2000K .......... .......... .......... .......... .......... 29%  239M 1s
  2050K .......... .......... .......... .......... .......... 30%  232M 1s
  2100K .......... .......... .......... .......... .......... 31%  208M 1s
  2150K .......... .......... .......... .......... .......... 31%  240M 1s
  2200K .......... .......... .......... .......... .......... 32%  203M 1s
  2250K .......... .......... .......... .......... .......... 33%  244M 1s
  2300K .......... .......... .......... .......... .......... 34%  237M 1s
  2350K .......... .......... .......... .......... .......... 34% 2.37M 1s
  2400K .......... .......... .......... .......... .......... 35%  123M 1s
  2450K .......... .......... .......... .......... .......... 36%  149M 1s
  2500K .......... .......... .......... .......... .......... 36%  226M 1s
  2550K .......... .......... .......... .......... .......... 37%  215M 1s
  2600K .......... .......... .......... .......... .......... 38%  191M 1s
  2650K .......... .......... .......... .......... .......... 39%  221M 1s
  2700K .......... .......... .......... .......... .......... 39%  207M 1s
  2750K .......... .......... .......... .......... .......... 40%  234M 1s
  2800K .......... .......... .......... .......... .......... 41%  231M 1s
  2850K .......... .......... .......... .......... .......... 42%  207M 1s
  2900K .......... .......... .......... .......... .......... 42%  545K 1s
  2950K .......... .......... .......... .......... .......... 43%  111M 1s
  3000K .......... .......... .......... .......... .......... 44%  240M 1s
  3050K .......... .......... .......... .......... .......... 44%  239M 1s
  3100K .......... .......... .......... .......... .......... 45%  203M 1s
  3150K .......... .......... .......... .......... .......... 46%  240M 1s
  3200K .......... .......... .......... .......... .......... 47%  210M 1s
  3250K .......... .......... .......... .......... .......... 47%  239M 1s
  3300K .......... .......... .......... .......... .......... 48%  240M 1s
  3350K .......... .......... .......... .......... .......... 49%  198M 1s
  3400K .......... .......... .......... .......... .......... 49%  238M 1s
  3450K .......... .......... .......... .......... .......... 50%  205M 1s
  3500K .......... .......... .......... .......... .......... 51%  235M 1s
  3550K .......... .......... .......... .......... .......... 52%  233M 1s
  3600K .......... .......... .......... .......... .......... 52%  207M 1s
  3650K .......... .......... .......... .......... .......... 53%  240M 1s
  3700K .......... .......... .......... .......... .......... 54%  208M 1s
  3750K .......... .......... .......... .......... .......... 55%  240M 1s
  3800K .......... .......... .......... .......... .......... 55%  233M 1s
  3850K .......... .......... .......... .......... .......... 56%  206M 1s
  3900K .......... .......... .......... .......... .......... 57%  240M 1s
  3950K .......... .......... .......... .......... .......... 57%  208M 1s
  4000K .......... .......... .......... .......... .......... 58% 4.10M 0s
  4050K .......... .......... .......... .......... .......... 59% 35.2M 0s
  4100K .......... .......... .......... .......... .......... 60% 23.8M 0s
  4150K .......... .......... .......... .......... .......... 60% 22.4M 0s
  4200K .......... .......... .......... .......... .......... 61% 68.8M 0s
  4250K .......... .......... .......... .......... .......... 62% 65.8M 0s
  4300K .......... .......... .......... .......... .......... 63% 24.4M 0s
  4350K .......... .......... .......... .......... .......... 63%  101M 0s
  4400K .......... .......... .......... .......... .......... 64% 70.3M 0s
  4450K .......... .......... .......... .......... .......... 65% 18.9M 0s
  4500K .......... .......... .......... .......... .......... 65% 2.63M 0s
  4550K .......... .......... .......... .......... .......... 66%  124M 0s
  4600K .......... .......... .......... .......... .......... 67% 96.7M 0s
  4650K .......... .......... .......... .......... .......... 68% 42.9M 0s
  4700K .......... .......... .......... .......... .......... 68% 2.37M 0s
  4750K .......... .......... .......... .......... .......... 69%  117M 0s
  4800K .......... .......... .......... .......... .......... 70% 3.07M 0s
  4850K .......... .......... .......... .......... .......... 71% 27.4M 0s
  4900K .......... .......... .......... .......... .......... 71% 13.0M 0s
  4950K .......... .......... .......... .......... .......... 72% 14.2M 0s
  5000K .......... .......... .......... .......... .......... 73% 50.1M 0s
  5050K .......... .......... .......... .......... .......... 73% 2.35M 0s
  5100K .......... .......... .......... .......... .......... 74% 21.5M 0s
  5150K .......... .......... .......... .......... .......... 75% 2.34M 0s
  5200K .......... .......... .......... .......... .......... 76% 29.0M 0s
  5250K .......... .......... .......... .......... .......... 76% 98.3M 0s
  5300K .......... .......... .......... .......... .......... 77%  116M 0s
  5350K .......... .......... .......... .......... .......... 78% 70.5M 0s
  5400K .......... .......... .......... .......... .......... 78% 60.4M 0s
  5450K .......... .......... .......... .......... .......... 79%  118M 0s
  5500K .......... .......... .......... .......... .......... 80%  122M 0s
  5550K .......... .......... .......... .......... .......... 81% 3.71M 0s
  5600K .......... .......... .......... .......... .......... 81% 41.8M 0s
  5650K .......... .......... .......... .......... .......... 82% 17.2M 0s
  5700K .......... .......... .......... .......... .......... 83% 12.7M 0s
  5750K .......... .......... .......... .......... .......... 84% 31.4M 0s
  5800K .......... .......... .......... .......... .......... 84% 2.34M 0s
  5850K .......... .......... .......... .......... .......... 85% 25.5M 0s
  5900K .......... .......... .......... .......... .......... 86% 2.28M 0s
  5950K .......... .......... .......... .......... .......... 86% 60.8M 0s
  6000K .......... .......... .......... .......... .......... 87% 56.5M 0s
  6050K .......... .......... .......... .......... .......... 88%  128M 0s
  6100K .......... .......... .......... .......... .......... 89%  102M 0s
  6150K .......... .......... .......... .......... .......... 89% 76.4M 0s
  6200K .......... .......... .......... .......... .......... 90% 52.8M 0s
  6250K .......... .......... .......... .......... .......... 91% 99.9M 0s
  6300K .......... .......... .......... .......... .......... 92% 3.81M 0s
  6350K .......... .......... .......... .......... .......... 92% 26.0M 0s
  6400K .......... .......... .......... .......... .......... 93% 19.9M 0s
  6450K .......... .......... .......... .......... .......... 94% 13.3M 0s
  6500K .......... .......... .......... .......... .......... 94% 15.1M 0s
  6550K .......... .......... .......... .......... .......... 95% 2.59M 0s
  6600K .......... .......... .......... .......... .......... 96% 25.9M 0s
  6650K .......... .......... .......... .......... .......... 97% 2.30M 0s
  6700K .......... .......... .......... .......... .......... 97% 38.9M 0s
  6750K .......... .......... .......... .......... .......... 98% 49.2M 0s
  6800K .......... .......... .......... .......... .......... 99% 80.4M 0s
  6850K .......... .......... .......... .......... .......... 99%  106M 0s
  6900K                                                       100% 46.6G=1.0s  Converting + downscaling 2x (this may take ~30s in pure Python) ...
Loading data/middlebury/motorcycle/im0.png ...
Loading data/middlebury/motorcycle/im1.png ...
  Downsampling 2964x2000 by 2x ...
  Wrote data/middlebury/motorcycle/left.pgm  (1482x1000)
  Wrote data/middlebury/motorcycle/right.pgm  (1482x1000)
  motorcycle ready: data/middlebury/motorcycle/left.pgm  data/middlebury/motorcycle/right.pgm
=== Summary ===
  tsukuba: P5 384 288 
  sawtooth: P5 434 380 
  venus: P5 434 383 

=== Ready to run ===
Single-GPU:
  ./main_gpu --left data/middlebury/tsukuba/left.pgm --right data/middlebury/tsukuba/right.pgm \
             --max-disp 16 --radius 2 --no-cpu --save-images

MPI (4 ranks):
  mpirun -np 4 ./main_mpi \
    --left data/middlebury/tsukuba/left.pgm --right data/middlebury/tsukuba/right.pgm \
    --max-disp 16 --radius 2 --repeats 5 --save-images --output-prefix results/tsukuba
