Scaling study (Scatterv+halo)  Mon Jun  8 15:03:20 PDT 2026
Quadro RTX 6000
Quadro RTX 6000
Quadro RTX 6000
Quadro RTX 6000

######## STRONG SCALING ########
--- strong 960x1280 np=1 ---

====================================================
  MPI+CUDA Stereo SAD  (nranks=1)
====================================================
  Image          : 960 x 1280
  Max disp/radius: 64 / 2
  Rows per rank  : ~960
  GPUs visible   : 4
----------------------------------------------------
  Scatter (input): 0.092075 ms
  Halo exchange  : 4e-05 ms
  GPU kernel max : 1.94386 ms
  Kernel wall    : 44.4377 ms  (barrier-to-barrier)
  Gather (disp)  : 0.441408 ms
  Total comm     : 0.533523 ms
  Comm fraction  : 1.18636 %
----------------------------------------------------
====================================================

--- strong 960x1280 np=2 ---

====================================================
  MPI+CUDA Stereo SAD  (nranks=2)
====================================================
  Image          : 960 x 1280
  Max disp/radius: 64 / 2
  Rows per rank  : ~480
  GPUs visible   : 4
----------------------------------------------------
  Scatter (input): 0.685262 ms
  Halo exchange  : 0.018595 ms
  GPU kernel max : 0.990899 ms
  Kernel wall    : 24.6451 ms  (barrier-to-barrier)
  Gather (disp)  : 0.585732 ms
  Total comm     : 1.28959 ms
  Comm fraction  : 4.97246 %
----------------------------------------------------
====================================================

--- strong 960x1280 np=4 ---

====================================================
  MPI+CUDA Stereo SAD  (nranks=4)
====================================================
  Image          : 960 x 1280
  Max disp/radius: 64 / 2
  Rows per rank  : ~240
  GPUs visible   : 4
----------------------------------------------------
  Scatter (input): 1.36621 ms
  Halo exchange  : 0.04215 ms
  GPU kernel max : 0.504536 ms
  Kernel wall    : 16.4288 ms  (barrier-to-barrier)
  Gather (disp)  : 0.76379 ms
  Total comm     : 2.17216 ms
  Comm fraction  : 11.6776 %
----------------------------------------------------
====================================================

--- strong 1920x2560 np=1 ---

====================================================
  MPI+CUDA Stereo SAD  (nranks=1)
====================================================
  Image          : 1920 x 2560
  Max disp/radius: 64 / 2
  Rows per rank  : ~1920
  GPUs visible   : 4
----------------------------------------------------
  Scatter (input): 0.888698 ms
  Halo exchange  : 0.000151 ms
  GPU kernel max : 7.90691 ms
  Kernel wall    : 172.98 ms  (barrier-to-barrier)
  Gather (disp)  : 3.40103 ms
  Total comm     : 4.28988 ms
  Comm fraction  : 2.41998 %
----------------------------------------------------
====================================================

--- strong 1920x2560 np=2 ---

====================================================
  MPI+CUDA Stereo SAD  (nranks=2)
====================================================
  Image          : 1920 x 2560
  Max disp/radius: 64 / 2
  Rows per rank  : ~960
  GPUs visible   : 4
----------------------------------------------------
  Scatter (input): 1.77386 ms
  Halo exchange  : 0.023204 ms
  GPU kernel max : 3.95889 ms
  Kernel wall    : 89.4985 ms  (barrier-to-barrier)
  Gather (disp)  : 3.64981 ms
  Total comm     : 5.44687 ms
  Comm fraction  : 5.73685 %
----------------------------------------------------
====================================================

--- strong 1920x2560 np=4 ---

====================================================
  MPI+CUDA Stereo SAD  (nranks=4)
====================================================
  Image          : 1920 x 2560
  Max disp/radius: 64 / 2
  Rows per rank  : ~480
  GPUs visible   : 4
----------------------------------------------------
  Scatter (input): 2.73674 ms
  Halo exchange  : 0.050657 ms
  GPU kernel max : 1.9669 ms
  Kernel wall    : 50.6426 ms  (barrier-to-barrier)
  Gather (disp)  : 3.79248 ms
  Total comm     : 6.57988 ms
  Comm fraction  : 11.4988 %
----------------------------------------------------
====================================================

######## WEAK SCALING (fixed 480 rows/rank, width 1280) ########
--- weak 480x1280 np=1 (480 rows/rank) ---

====================================================
  MPI+CUDA Stereo SAD  (nranks=1)
====================================================
  Image          : 480 x 1280
  Max disp/radius: 64 / 2
  Rows per rank  : ~480
  GPUs visible   : 4
----------------------------------------------------
  Scatter (input): 0.056216 ms
  Halo exchange  : 3e-05 ms
  GPU kernel max : 0.987339 ms
  Kernel wall    : 25.2253 ms  (barrier-to-barrier)
  Gather (disp)  : 0.200731 ms
  Total comm     : 0.256977 ms
  Comm fraction  : 1.00845 %
----------------------------------------------------
====================================================

--- weak 960x1280 np=2 (480 rows/rank) ---

====================================================
  MPI+CUDA Stereo SAD  (nranks=2)
====================================================
  Image          : 960 x 1280
  Max disp/radius: 64 / 2
  Rows per rank  : ~480
  GPUs visible   : 4
----------------------------------------------------
  Scatter (input): 0.687005 ms
  Halo exchange  : 0.020649 ms
  GPU kernel max : 0.990574 ms
  Kernel wall    : 24.6197 ms  (barrier-to-barrier)
  Gather (disp)  : 0.575293 ms
  Total comm     : 1.28295 ms
  Comm fraction  : 4.95295 %
----------------------------------------------------
====================================================

--- weak 1920x1280 np=4 (480 rows/rank) ---

====================================================
  MPI+CUDA Stereo SAD  (nranks=4)
====================================================
  Image          : 1920 x 1280
  Max disp/radius: 64 / 2
  Rows per rank  : ~480
  GPUs visible   : 4
----------------------------------------------------
  Scatter (input): 1.81187 ms
  Halo exchange  : 0.041779 ms
  GPU kernel max : 0.990146 ms
  Kernel wall    : 27.6383 ms  (barrier-to-barrier)
  Gather (disp)  : 1.38273 ms
  Total comm     : 3.23638 ms
  Comm fraction  : 10.4823 %
----------------------------------------------------
====================================================

######## MULTI-RANK CORRECTNESS (synthetic, verify on) ########
--- verify 960x1280 np=1 ---
  Accuracy (valid pixels only):
    MAE         : 0.0397 px
    Bad-px rate : 0.0000 %  (|err| > 1 px)
    Coverage    : 100.0000 %  (estimated / valid-GT pixels)
--- verify 960x1280 np=2 ---
  Accuracy (valid pixels only):
    MAE         : 0.0397 px
    Bad-px rate : 0.0000 %  (|err| > 1 px)
    Coverage    : 100.0000 %  (estimated / valid-GT pixels)
--- verify 960x1280 np=4 ---
  Accuracy (valid pixels only):
    MAE         : 0.0397 px
    Bad-px rate : 0.0000 %  (|err| > 1 px)
    Coverage    : 100.0000 %  (estimated / valid-GT pixels)
=== STRONG ===
nranks,height,width,max_disp,radius,kernel_ms,scatter_ms,halo_ms,gather_ms,comm_ms,wall_ms
1,960,1280,64,2,1.94386,0.092075,4e-05,0.441408,0.533523,44.4377
2,960,1280,64,2,0.990899,0.685262,0.018595,0.585732,1.28959,24.6451
4,960,1280,64,2,0.504536,1.36621,0.04215,0.76379,2.17216,16.4288
1,1920,2560,64,2,7.90691,0.888698,0.000151,3.40103,4.28988,172.98
2,1920,2560,64,2,3.95889,1.77386,0.023204,3.64981,5.44687,89.4985
4,1920,2560,64,2,1.9669,2.73674,0.050657,3.79248,6.57988,50.6426
=== WEAK ===
nranks,height,width,max_disp,radius,kernel_ms,scatter_ms,halo_ms,gather_ms,comm_ms,wall_ms
1,480,1280,64,2,0.987339,0.056216,3e-05,0.200731,0.256977,25.2253
2,960,1280,64,2,0.990574,0.687005,0.020649,0.575293,1.28295,24.6197
4,1920,1280,64,2,0.990146,1.81187,0.041779,1.38273,3.23638,27.6383
Done Mon Jun  8 15:03:34 PDT 2026
