make: 'main_gpu' is up to date.
SGM vs SAD comparison  Mon Jun  8 11:39:06 PDT 2026
Quadro RTX 6000

######## P1/P2 SWEEP (tsukuba, max_disp=16) ########
---- P1=20 P2=400 ----
  [GPU SGM (4-path)]
    Mean  : 1.1014 ms
    FPS   : 907.9103
    Tput  : 75.0849 GOps/s
  Accuracy (valid pixels only):

---- P1=20 P2=800 ----
  [GPU SGM (4-path)]
    Mean  : 1.1008 ms
    FPS   : 908.4434
    Tput  : 75.1290 GOps/s
  Accuracy (valid pixels only):

---- P1=20 P2=1600 ----
  [GPU SGM (4-path)]
    Mean  : 1.1015 ms
    FPS   : 907.8602
    Tput  : 75.0808 GOps/s
  Accuracy (valid pixels only):

---- P1=50 P2=400 ----
  [GPU SGM (4-path)]
    Mean  : 1.1009 ms
    FPS   : 908.3853
    Tput  : 75.1242 GOps/s
  Accuracy (valid pixels only):

---- P1=50 P2=800 ----
  [GPU SGM (4-path)]
    Mean  : 1.1011 ms
    FPS   : 908.2217
    Tput  : 75.1107 GOps/s
  Accuracy (valid pixels only):

---- P1=50 P2=1600 ----
  [GPU SGM (4-path)]
    Mean  : 1.1016 ms
    FPS   : 907.7441
    Tput  : 75.0712 GOps/s
  Accuracy (valid pixels only):

---- P1=80 P2=400 ----
  [GPU SGM (4-path)]
    Mean  : 1.1010 ms
    FPS   : 908.2612
    Tput  : 75.1139 GOps/s
  Accuracy (valid pixels only):

---- P1=80 P2=800 ----
  [GPU SGM (4-path)]
    Mean  : 1.1006 ms
    FPS   : 908.5992
    Tput  : 75.1419 GOps/s
  Accuracy (valid pixels only):

---- P1=80 P2=1600 ----
  [GPU SGM (4-path)]
    Mean  : 1.1008 ms
    FPS   : 908.4302
    Tput  : 75.1279 GOps/s
  Accuracy (valid pixels only):

######## FULL COMPARE: tsukuba (max_disp=16) ########

====================================================
  Stereo SAD — GPU benchmark
====================================================
  Image size   : 288 x 384
  Patch radius : 2  (patch = 5x5)
  Max disparity: 16
  Repeats      : 10
----------------------------------------------------
  Saved: left.pgm, right.pgm
  Compute (approx): 0.0827008 GOps/frame

  [GPU basic]
    Mean  : 0.117562 ms
    FPS   : 8506.18
    Tput  : 703.468 GOps/s
  Accuracy (valid pixels only):
    MAE         : 0.9021 px
    Bad-px rate : 15.4066 %  (|err| > 1 px)
    Coverage    : 100.0000 %  (estimated / valid-GT pixels)
----------------------------------------------------
  Saved: disp_basic.pgm, disp_basic.ppm
  [GPU smem]
    Mean  : 0.0637 ms
    FPS   : 15706.6746
    Tput  : 1298.9546 GOps/s
  Accuracy (valid pixels only):
    MAE         : 0.9021 px
    Bad-px rate : 15.4066 %  (|err| > 1 px)
    Coverage    : 100.0000 %  (estimated / valid-GT pixels)
----------------------------------------------------
  Saved: disp_smem.pgm, disp_smem.ppm
  [GPU tiled]
    Mean  : 0.2681 ms
    FPS   : 3730.1855
    Tput  : 308.4893 GOps/s
  Accuracy (valid pixels only):
    MAE         : 0.9631 px
    Bad-px rate : 20.4297 %  (|err| > 1 px)
    Coverage    : 100.0000 %  (estimated / valid-GT pixels)
----------------------------------------------------
  Saved: disp_tiled.pgm/.ppm
  Saved: disp_gt.pgm/.ppm
  [GPU tiled + LR-check]
    Mean  : 0.5049 ms
    FPS   : 1980.7566
    Tput  : 163.8102 GOps/s
  Accuracy (valid pixels only):
    MAE         : 0.6418 px
    Bad-px rate : 12.8372 %  (|err| > 1 px)
    Coverage    : 83.5603 %  (estimated / valid-GT pixels)
----------------------------------------------------
  Saved: disp_tiled_lrc.pgm/.ppm
  SGM penalties: P1=80  P2=1200
  [GPU SGM (4-path)]
    Mean  : 1.0888 ms
    FPS   : 918.4478
    Tput  : 75.9564 GOps/s
  Accuracy (valid pixels only):
    MAE         : 0.5249 px
    Bad-px rate : 9.8830 %  (|err| > 1 px)
    Coverage    : 100.0000 %  (estimated / valid-GT pixels)
----------------------------------------------------
  Saved: disp_sgm.pgm/.ppm
====================================================

  Benchmark data written to: results/sgm_compare.csv

######## FULL COMPARE: sawtooth (max_disp=20) ########

====================================================
  Stereo SAD — GPU benchmark
====================================================
  Image size   : 380 x 434
  Patch radius : 2  (patch = 5x5)
  Max disparity: 20
  Repeats      : 10
----------------------------------------------------
  Saved: left.pgm, right.pgm
  Compute (approx): 0.15416 GOps/frame

  [GPU basic]
    Mean  : 0.144384 ms
    FPS   : 6925.98
    Tput  : 1067.71 GOps/s
  Accuracy (valid pixels only):
    MAE         : 1.2956 px
    Bad-px rate : 13.5187 %  (|err| > 1 px)
    Coverage    : 100.0000 %  (estimated / valid-GT pixels)
----------------------------------------------------
  Saved: disp_basic.pgm, disp_basic.ppm
  [GPU smem]
    Mean  : 0.1118 ms
    FPS   : 8944.6714
    Tput  : 1378.9105 GOps/s
  Accuracy (valid pixels only):
    MAE         : 1.2956 px
    Bad-px rate : 13.5187 %  (|err| > 1 px)
    Coverage    : 100.0000 %  (estimated / valid-GT pixels)
----------------------------------------------------
  Saved: disp_smem.pgm, disp_smem.ppm
  [GPU tiled]
    Mean  : 0.2734 ms
    FPS   : 3656.9810
    Tput  : 563.7602 GOps/s
  Accuracy (valid pixels only):
    MAE         : 1.2459 px
    Bad-px rate : 13.3240 %  (|err| > 1 px)
    Coverage    : 100.0000 %  (estimated / valid-GT pixels)
----------------------------------------------------
  Saved: disp_tiled.pgm/.ppm
  Saved: disp_gt.pgm/.ppm
  [GPU tiled + LR-check]
    Mean  : 0.5115 ms
    FPS   : 1954.9577
    Tput  : 301.3763 GOps/s
  Accuracy (valid pixels only):
    MAE         : 0.6148 px
    Bad-px rate : 6.4948 %  (|err| > 1 px)
    Coverage    : 89.0371 %  (estimated / valid-GT pixels)
----------------------------------------------------
  Saved: disp_tiled_lrc.pgm/.ppm
  SGM penalties: P1=80  P2=1200
  [GPU SGM (4-path)]
    Mean  : 1.5380 ms
    FPS   : 650.1748
    Tput  : 100.2309 GOps/s
  Accuracy (valid pixels only):
    MAE         : 1.1585 px
    Bad-px rate : 11.8051 %  (|err| > 1 px)
    Coverage    : 100.0000 %  (estimated / valid-GT pixels)
----------------------------------------------------
  Saved: disp_sgm.pgm/.ppm
====================================================

  Benchmark data written to: results/sgm_compare.csv

######## FULL COMPARE: venus (max_disp=20) ########

====================================================
  Stereo SAD — GPU benchmark
====================================================
  Image size   : 383 x 434
  Patch radius : 2  (patch = 5x5)
  Max disparity: 20
  Repeats      : 10
----------------------------------------------------
  Saved: left.pgm, right.pgm
  Compute (approx): 0.15539 GOps/frame

  [GPU basic]
    Mean  : 0.14512 ms
    FPS   : 6890.85
    Tput  : 1070.77 GOps/s
  Accuracy (valid pixels only):
    MAE         : 1.6123 px
    Bad-px rate : 20.7175 %  (|err| > 1 px)
    Coverage    : 100.0000 %  (estimated / valid-GT pixels)
----------------------------------------------------
  Saved: disp_basic.pgm, disp_basic.ppm
  [GPU smem]
    Mean  : 0.1118 ms
    FPS   : 8942.8799
    Tput  : 1389.6341 GOps/s
  Accuracy (valid pixels only):
    MAE         : 1.6123 px
    Bad-px rate : 20.7175 %  (|err| > 1 px)
    Coverage    : 100.0000 %  (estimated / valid-GT pixels)
----------------------------------------------------
  Saved: disp_smem.pgm, disp_smem.ppm
  [GPU tiled]
    Mean  : 0.2789 ms
    FPS   : 3585.4835
    Tput  : 557.1483 GOps/s
  Accuracy (valid pixels only):
    MAE         : 1.5387 px
    Bad-px rate : 20.4359 %  (|err| > 1 px)
    Coverage    : 100.0000 %  (estimated / valid-GT pixels)
----------------------------------------------------
  Saved: disp_tiled.pgm/.ppm
  Saved: disp_gt.pgm/.ppm
  [GPU tiled + LR-check]
    Mean  : 0.5061 ms
    FPS   : 1976.0472
    Tput  : 307.0580 GOps/s
  Accuracy (valid pixels only):
    MAE         : 0.8098 px
    Bad-px rate : 10.7822 %  (|err| > 1 px)
    Coverage    : 81.8087 %  (estimated / valid-GT pixels)
----------------------------------------------------
  Saved: disp_tiled_lrc.pgm/.ppm
  SGM penalties: P1=80  P2=1200
  [GPU SGM (4-path)]
    Mean  : 1.5383 ms
    FPS   : 650.0882
    Tput  : 101.0172 GOps/s
  Accuracy (valid pixels only):
    MAE         : 0.9429 px
    Bad-px rate : 9.6949 %  (|err| > 1 px)
    Coverage    : 100.0000 %  (estimated / valid-GT pixels)
----------------------------------------------------
  Saved: disp_sgm.pgm/.ppm
====================================================

  Benchmark data written to: results/sgm_compare.csv

=== Done. Full log: results/sgm_compare.log ===
